ok - unknown extension conformance section selectors fail before setup
/tmp/fm-extension-binding.90Huvo/remote-root/bin/fm-procevent.sh: line 233: /tmp/fm-extension-binding.90Huvo/remote-root/bin/fm-task-inbox-lib.sh: No such file or directory
/tmp/fm-extension-binding.90Huvo/remote-root/bin/fm-procevent.sh: line 235: /tmp/fm-extension-binding.90Huvo/remote-root/bin/fm-backend.sh: No such file or directory
ok - the section coordinator propagates ordered failures and bounded cleanup
not-autohandled: example-file (left for the handler; still unacknowledged)
/tmp/fm-extension-binding.90Huvo/remote-root/bin/fm-procevent.sh: line 233: /tmp/fm-extension-binding.90Huvo/remote-root/bin/fm-task-inbox-lib.sh: No such file or directory
/tmp/fm-extension-binding.90Huvo/remote-root/bin/fm-procevent.sh: line 235: /tmp/fm-extension-binding.90Huvo/remote-root/bin/fm-backend.sh: No such file or directory
/tmp/fm-extension-binding.90Huvo/remote-root/bin/fm-procevent.sh: line 233: /tmp/fm-extension-binding.90Huvo/remote-root/bin/fm-task-inbox-lib.sh: No such file or directory
/tmp/fm-extension-binding.90Huvo/remote-root/bin/fm-procevent.sh: line 235: /tmp/fm-extension-binding.90Huvo/remote-root/bin/fm-backend.sh: No such file or directory
not-autohandled: flow-source (left for the handler; still unacknowledged)
ok - the shipped file-signal package is a runnable end-to-end external adapter
ok - one external adapter registers, invokes, captures unhandled evidence, classifies, and terminally retires end to end
not-autohandled: remote-source (left for the handler; still unacknowledged)
/tmp/fm-extension-binding.90Huvo/remote-root/bin/fm-procevent.sh: line 233: /tmp/fm-extension-binding.90Huvo/remote-root/bin/fm-task-inbox-lib.sh: No such file or directory
/tmp/fm-extension-binding.90Huvo/remote-root/bin/fm-procevent.sh: line 235: /tmp/fm-extension-binding.90Huvo/remote-root/bin/fm-backend.sh: No such file or directory
/tmp/fm-extension-binding.90Huvo/remote-root/bin/fm-procevent.sh: line 233: /tmp/fm-extension-binding.90Huvo/remote-root/bin/fm-task-inbox-lib.sh: No such file or directory
/tmp/fm-extension-binding.90Huvo/remote-root/bin/fm-procevent.sh: line 235: /tmp/fm-extension-binding.90Huvo/remote-root/bin/fm-backend.sh: No such file or directory
ok - serialized remote binding crosses fm-on through addressed-home capture and retirement

all extension-binding tests passed
not-autohandled: example-symlinked (left for the handler; still unacknowledged)
ok - a home reached through a symlinked ancestor captures external evidence normally
ok - inner result.silent host crash releases the parent lifecycle lock before terminal retry
ok - handshake execution rejects and reaps foreground descendants

all extension-binding tests passed
ok - local binding retirement requires its exact identity and disables invocation

all extension-binding tests passed
ok - independent extension conformance sections complete through isolated public homes

all extension-binding tests passed
