lab session: fm-lab-lenv-3627647-6272
FAIL - A: ordinary spawn failed (warning: /tmp/fm-lenv-lab.X1U6Zj/primary-home/data/cm1/launch-brief.md records no delivery contract line (scaffolded before ship briefs recorded one); launching on the explicit --mode no-mistakes - confirm its definition of done matches
error: task temp root /tmp/fm-cm1 already exists and is not a private directory owned by this user; refusing to stage the launch command there; inspect and remove it, then retry)
grep: /tmp/fm-lenv-lab.X1U6Zj/primary-home/state/cm1.meta: No such file or directory
FAIL - A: ordinary worker never ran
PASS - A: no launch-env snapshot for an ordinary worker
grep: /tmp/fm-lenv-lab.X1U6Zj/primary-home/state/cm1.meta: No such file or directory
PASS - A: launcher value never appears in the pane text
--- B secondmate env ---
FM_LAB_ALLOWED=launcher-sm-secret-B1 $(touch /tmp/fm-lenv-lab.X1U6Zj/PWNED) "q"
FM_LAB_EMPTY=
FM_LAB_UNSET=<unset>
FM_LAB_AMBIENT=<unset>
TRACEPARENT=<unset>
PASS - B: secondmate receives the launcher's allowlisted value verbatim
PASS - B: empty launcher value stays empty (pane stale value ignored)
PASS - B: launcher-unset name stays unset despite stale pane value
PASS - B: non-allowlisted name filtered
PASS - B: value is data, not code (no command substitution executed)
PASS - B: one-launch snapshot removed after the secondmate started
PASS - B: launcher value never appears in the secondmate pane text
--- C restarted secondmate env ---
FM_LAB_ALLOWED=launcher-restart-value-C2
FM_LAB_EMPTY=<unset>
FM_LAB_UNSET=<unset>
FM_LAB_AMBIENT=<unset>
TRACEPARENT=<unset>
PASS - C: restarted secondmate sees the fresh launcher value
PASS - C: name now unset in launcher is unset in the restarted secondmate (no stale carry-over)
RESULT failed=1
